// Jest Snapshot v1, https://goo.gl/fbAQLP

exports[`Test GradApplication Component renders correctly 1`] = `
<div>
  <div
    style={
      {
        "display": "flex",
        "justifyContent": "center",
      }
    }
  >
    <div
      className="tw-mt-10 tw-shadow-2xl-top-bottom tw-rounded-3xl tw-min-w-72 tw-w-9/12 lg:tw-w-7/12 tw-h-full tw-p-10"
    >
      <h1
        className="tw-text-3xl tw-font-bold tw-mb-8"
      >
        Apply for Graduation at ALL University
      </h1>
      <div
        className="tw-text-left tw-p-6"
      >
        <h2
          className="tw-text-xl tw-font-semibold tw-mb-1.5"
        >
          Personal Information:
           
        </h2>
        <div
          className="sm:tw-flex tw-mb-6"
        >
          <label
            className="tw-pr-8"
          >
            Legal First Name:
          </label>
          <div
            className="tw-flex tw-flex-col tw-max-w-72 tw-h-8 tw-w-full sm:tw-w-8/12 md:tw-w-6/12"
          >
            <input
              onChange={[Function]}
              placeholder="Ex: Jane"
            />
          </div>
        </div>
        <div
          className="sm:tw-flex tw-mb-6"
        >
          <label
            className="tw-pr-8"
          >
            Legal Last Name:
          </label>
          <div
            className="tw-flex tw-flex-col tw-max-w-72 tw-h-8 tw-w-full sm:tw-w-8/12 md:tw-w-6/12"
          >
            <input
              onChange={[Function]}
              placeholder="Ex: Smith"
            />
          </div>
        </div>
        <div
          className="sm:tw-flex tw-mb-6"
        >
          <label
            className="tw-pr-8"
          >
            Pronouns:
          </label>
          <div
            className="tw-flex tw-flex-col tw-max-w-72 tw-h-8 tw-w-full sm:tw-w-8/12 md:tw-w-6/12"
          >
            <input
              onChange={[Function]}
              placeholder="Ex: They/Them"
            />
          </div>
        </div>
        <h3
          className="tw-mt-10 tw-text-xl tw-font-semibold tw-mb-1.5"
        >
          Academic Information:
           
        </h3>
        <div
          className="sm:tw-flex tw-mb-6"
        >
          <label
            className="tw-pr-8"
          >
            College:
          </label>
          <div
            className="tw-flex tw-flex-col tw-max-w-72 tw-h-8 tw-w-full sm:tw-w-8/12 md:tw-w-6/12"
          >
            <input
              onChange={[Function]}
              placeholder="Ex: RIT"
            />
          </div>
        </div>
        <div
          className="sm:tw-flex tw-mb-6"
        >
          <label
            className="tw-pr-8"
          >
            Major:
          </label>
          <div
            className="tw-flex tw-flex-col tw-max-w-72 tw-h-8 tw-w-full sm:tw-w-8/12 md:tw-w-6/12"
          >
            <input
              onChange={[Function]}
              placeholder="Ex: CS"
            />
            <div
              className="tw-mb-4"
            />
          </div>
        </div>
        <div
          className="sm:tw-flex tw-mb-6"
        >
          <label
            className="tw-pr-8"
          >
            Graduation Term:
          </label>
          <div
            className="tw-flex tw-flex-col tw-max-w-72 tw-h-8 tw-w-full sm:tw-w-8/12 md:tw-w-6/12"
          >
            <input
              onChange={[Function]}
              placeholder="Ex: Spring 2024"
            />
            <div
              className="tw-mb-4"
            />
          </div>
        </div>
      </div>
      <button
        className="tw-text-error-red tw-mt-8 btn-primary btn btn-md"
        onClick={[Function]}
      >
        Submit Application
      </button>
       
    </div>
  </div>
</div>
`;
